exports[`<Component /> Should render 1`] = `
<Unknown
  keys={Array []}
  onKeysCoincide={[Function]}
  simultaneous={false} />
`;
